(define x 1)
(define f (lambda (i) (begin
  (define x 5)
  (add i x)
)))
(cons x (f x))

===

(cons 1 6)
