(define double (lambda (x) (* x 2)))
(double 21)

===

42
