(defun double (x) (mul x 2))
(double 21)

===

42
