(define-macro twelve (lambda _ 12))
(twelve)

===

12
