(and true false (throw "should short circuit"))

===

false
