(macroexpand
  cond
  (f 1)
  (g 2))

===

'(if f 1 (if g 2 nil))
