(or false true (throw "should short circuit"))

===

true
