(cond
  (false 1)
  (true 2)
  (false 3))

===

2
